// Jest Snapshot v1, https://goo.gl/fbAQLP

exports[`InsertLinkModal snapshot 1`] = `
<div
  aria-hidden="true"
  data-focus-on-hidden="true"
/>
`;
